../Core/Src/main.c:92:1:__io_putchar	16	static
../Core/Src/main.c:102:5:main	8	static
../Core/Src/main.c:188:6:SystemClock_Config	72	static
../Core/Src/main.c:228:13:MX_SPI1_Init	8	static
../Core/Src/main.c:266:13:MX_SPI2_Init	8	static
../Core/Src/main.c:304:13:MX_USART1_UART_Init	8	static
../Core/Src/main.c:337:13:MX_GPIO_Init	40	static
../Core/Src/main.c:365:6:HAL_GPIO_EXTI_Callback	16	static
../Core/Src/main.c:382:6:StartDefaultTask	16	static
../Core/Src/main.c:409:6:StartTask02	24	static
../Core/Src/main.c:469:6:HAL_TIM_PeriodElapsedCallback	16	static
../Core/Src/main.c:486:6:Error_Handler	4	static,ignoring_inline_asm
