Archive member included to satisfy reference by file (symbol)

C:/ST/STM32CubeIDE/STM32CubeIDE/plugins/com.st.stm32cube.ide.mcu.externaltools.gnu-tools-for-stm32.13.3.rel1.win32_1.0.100.202509120712/tools/bin/../lib/gcc/arm-none-eabi/13.3.1/../../../../arm-none-eabi/lib/thumb/v7-m/nofp\libc_nano.a(libc_a-exit.o)
                              C:/ST/STM32CubeIDE/STM32CubeIDE/plugins/com.st.stm32cube.ide.mcu.externaltools.gnu-tools-for-stm32.13.3.rel1.win32_1.0.100.202509120712/tools/bin/../lib/gcc/arm-none-eabi/13.3.1/../../../../arm-none-eabi/lib/thumb/v7-m/nofp/crt0.o (exit)
C:/ST/STM32CubeIDE/STM32CubeIDE/plugins/com.st.stm32cube.ide.mcu.externaltools.gnu-tools-for-stm32.13.3.rel1.win32_1.0.100.202509120712/tools/bin/../lib/gcc/arm-none-eabi/13.3.1/../../../../arm-none-eabi/lib/thumb/v7-m/nofp\libc_nano.a(libc_a-findfp.o)
                              C:/ST/STM32CubeIDE/STM32CubeIDE/plugins/com.st.stm32cube.ide.mcu.externaltools.gnu-tools-for-stm32.13.3.rel1.win32_1.0.100.202509120712/tools/bin/../lib/gcc/arm-none-eabi/13.3.1/../../../../arm-none-eabi/lib/thumb/v7-m/nofp\libc_nano.a(libc_a-exit.o) (__stdio_exit_handler)
C:/ST/STM32CubeIDE/STM32CubeIDE/plugins/com.st.stm32cube.ide.mcu.externaltools.gnu-tools-for-stm32.13.3.rel1.win32_1.0.100.202509120712/tools/bin/../lib/gcc/arm-none-eabi/13.3.1/../../../../arm-none-eabi/lib/thumb/v7-m/nofp\libc_nano.a(libc_a-fwalk.o)
                              C:/ST/STM32CubeIDE/STM32CubeIDE/plugins/com.st.stm32cube.ide.mcu.externaltools.gnu-tools-for-stm32.13.3.rel1.win32_1.0.100.202509120712/tools/bin/../lib/gcc/arm-none-eabi/13.3.1/../../../../arm-none-eabi/lib/thumb/v7-m/nofp\libc_nano.a(libc_a-findfp.o) (_fwalk_sglue)
C:/ST/STM32CubeIDE/STM32CubeIDE/plugins/com.st.stm32cube.ide.mcu.externaltools.gnu-tools-for-stm32.13.3.rel1.win32_1.0.100.202509120712/tools/bin/../lib/gcc/arm-none-eabi/13.3.1/../../../../arm-none-eabi/lib/thumb/v7-m/nofp\libc_nano.a(libc_a-stdio.o)
                              C:/ST/STM32CubeIDE/STM32CubeIDE/plugins/com.st.stm32cube.ide.mcu.externaltools.gnu-tools-for-stm32.13.3.rel1.win32_1.0.100.202509120712/tools/bin/../lib/gcc/arm-none-eabi/13.3.1/../../../../arm-none-eabi/lib/thumb/v7-m/nofp\libc_nano.a(libc_a-findfp.o) (__sread)
C:/ST/STM32CubeIDE/STM32CubeIDE/plugins/com.st.stm32cube.ide.mcu.externaltools.gnu-tools-for-stm32.13.3.rel1.win32_1.0.100.202509120712/tools/bin/../lib/gcc/arm-none-eabi/13.3.1/../../../../arm-none-eabi/lib/thumb/v7-m/nofp\libc_nano.a(libc_a-memset.o)
                              C:/ST/STM32CubeIDE/STM32CubeIDE/plugins/com.st.stm32cube.ide.mcu.externaltools.gnu-tools-for-stm32.13.3.rel1.win32_1.0.100.202509120712/tools/bin/../lib/gcc/arm-none-eabi/13.3.1/../../../../arm-none-eabi/lib/thumb/v7-m/nofp/crt0.o (memset)
C:/ST/STM32CubeIDE/STM32CubeIDE/plugins/com.st.stm32cube.ide.mcu.externaltools.gnu-tools-for-stm32.13.3.rel1.win32_1.0.100.202509120712/tools/bin/../lib/gcc/arm-none-eabi/13.3.1/../../../../arm-none-eabi/lib/thumb/v7-m/nofp\libc_nano.a(libc_a-closer.o)
                              C:/ST/STM32CubeIDE/STM32CubeIDE/plugins/com.st.stm32cube.ide.mcu.externaltools.gnu-tools-for-stm32.13.3.rel1.win32_1.0.100.202509120712/tools/bin/../lib/gcc/arm-none-eabi/13.3.1/../../../../arm-none-eabi/lib/thumb/v7-m/nofp\libc_nano.a(libc_a-stdio.o) (_close_r)
C:/ST/STM32CubeIDE/STM32CubeIDE/plugins/com.st.stm32cube.ide.mcu.externaltools.gnu-tools-for-stm32.13.3.rel1.win32_1.0.100.202509120712/tools/bin/../lib/gcc/arm-none-eabi/13.3.1/../../../../arm-none-eabi/lib/thumb/v7-m/nofp\libc_nano.a(libc_a-reent.o)
                              C:/ST/STM32CubeIDE/STM32CubeIDE/plugins/com.st.stm32cube.ide.mcu.externaltools.gnu-tools-for-stm32.13.3.rel1.win32_1.0.100.202509120712/tools/bin/../lib/gcc/arm-none-eabi/13.3.1/../../../../arm-none-eabi/lib/thumb/v7-m/nofp\libc_nano.a(libc_a-closer.o) (errno)
C:/ST/STM32CubeIDE/STM32CubeIDE/plugins/com.st.stm32cube.ide.mcu.externaltools.gnu-tools-for-stm32.13.3.rel1.win32_1.0.100.202509120712/tools/bin/../lib/gcc/arm-none-eabi/13.3.1/../../../../arm-none-eabi/lib/thumb/v7-m/nofp\libc_nano.a(libc_a-impure.o)
                              C:/ST/STM32CubeIDE/STM32CubeIDE/plugins/com.st.stm32cube.ide.mcu.externaltools.gnu-tools-for-stm32.13.3.rel1.win32_1.0.100.202509120712/tools/bin/../lib/gcc/arm-none-eabi/13.3.1/../../../../arm-none-eabi/lib/thumb/v7-m/nofp\libc_nano.a(libc_a-reent.o) (_impure_ptr)
C:/ST/STM32CubeIDE/STM32CubeIDE/plugins/com.st.stm32cube.ide.mcu.externaltools.gnu-tools-for-stm32.13.3.rel1.win32_1.0.100.202509120712/tools/bin/../lib/gcc/arm-none-eabi/13.3.1/../../../../arm-none-eabi/lib/thumb/v7-m/nofp\libc_nano.a(libc_a-lseekr.o)
                              C:/ST/STM32CubeIDE/STM32CubeIDE/plugins/com.st.stm32cube.ide.mcu.externaltools.gnu-tools-for-stm32.13.3.rel1.win32_1.0.100.202509120712/tools/bin/../lib/gcc/arm-none-eabi/13.3.1/../../../../arm-none-eabi/lib/thumb/v7-m/nofp\libc_nano.a(libc_a-stdio.o) (_lseek_r)
[...]
Memory Configuration

Name             Origin             Length             Attributes
RAM              0x20000000         0x00005000         xrw
FLASH            0x08000000         0x00010000         xr
*default*        0x00000000         0xffffffff

Linker script and memory map

LOAD C:/ST/STM32CubeIDE/STM32CubeIDE/plugins/com.st.stm32cube.ide.mcu.externaltools.gnu-tools-for-stm32.13.3.rel1.win32_1.0.100.202509120712/tools/bin/../lib/gcc/arm-none-eabi/13.3.1/thumb/v7-m/nofp/crti.o
LOAD C:/ST/STM32CubeIDE/STM32CubeIDE/plugins/com.st.stm32cube.ide.mcu.externaltools.gnu-tools-for-stm32.13.3.rel1.win32_1.0.100.202509120712/tools/bin/../lib/gcc/arm-none-eabi/13.3.1/thumb/v7-m/nofp/crtbegin.o
LOAD C:/ST/STM32CubeIDE/STM32CubeIDE/plugins/com.st.stm32cube.ide.mcu.externaltools.gnu-tools-for-stm32.13.3.rel1.win32_1.0.100.202509120712/tools/bin/../lib/gcc/arm-none-eabi/13.3.1/../../../../arm-none-eabi/lib/thumb/v7-m/nofp/crt0.o
LOAD ./Core/Src/freertos.o
LOAD ./Core/Src/main.o
LOAD ./Core/Src/max30003w.o
LOAD ./Core/Src/stm32f1xx_hal_msp.o
LOAD ./Core/Src/stm32f1xx_hal_timebase_tim.o
LOAD ./Core/Src/stm32f1xx_it.o
LOAD ./Core/Src/syscalls.o
LOAD ./Core/Src/sysmem.o
LOAD ./Core/Src/system_stm32f1xx.o
LOAD ./Core/Startup/startup_stm32f103c8tx.o
LOAD ./Drivers/STM32F1xx_HAL_Driver/Src/stm32f1xx_hal.o
LOAD ./Drivers/STM32F1xx_HAL_Driver/Src/stm32f1xx_hal_cortex.o
LOAD ./Drivers/STM32F1xx_HAL_Driver/Src/stm32f1xx_hal_dma.o
LOAD ./Drivers/STM32F1xx_HAL_Driver/Src/stm32f1xx_hal_exti.o
LOAD ./Drivers/STM32F1xx_HAL_Driver/Src/stm32f1xx_hal_flash.o
LOAD ./Drivers/STM32F1xx_HAL_Driver/Src/stm32f1xx_hal_flash_ex.o
LOAD ./Drivers/STM32F1xx_HAL_Driver/Src/stm32f1xx_hal_gpio.o
LOAD ./Drivers/STM32F1xx_HAL_Driver/Src/stm32f1xx_hal_gpio_ex.o
LOAD ./Drivers/STM32F1xx_HAL_Driver/Src/stm32f1xx_hal_pwr.o
LOAD ./Drivers/STM32F1xx_HAL_Driver/Src/stm32f1xx_hal_rcc.o
LOAD ./Drivers/STM32F1xx_HAL_Driver/Src/stm32f1xx_hal_rcc_ex.o
LOAD ./Drivers/STM32F1xx_HAL_Driver/Src/stm32f1xx_hal_spi.o
LOAD ./Drivers/STM32F1xx_HAL_Driver/Src/stm32f1xx_hal_tim.o
LOAD ./Drivers/STM32F1xx_HAL_Driver/Src/stm32f1xx_hal_tim_ex.o
LOAD ./Middlewares/Third_Party/FreeRTOS/Source/CMSIS_RTOS_V2/cmsis_os2.o
LOAD ./Middlewares/Third_Party/FreeRTOS/Source/croutine.o
LOAD ./Middlewares/Third_Party/FreeRTOS/Source/event_groups.o
LOAD ./Middlewares/Third_Party/FreeRTOS/Source/list.o
LOAD ./Middlewares/Third_Party/FreeRTOS/Source/queue.o
LOAD ./Middlewares/Third_Party/FreeRTOS/Source/stream_buffer.o
LOAD ./Middlewares/Third_Party/FreeRTOS/Source/tasks.o
LOAD ./Middlewares/Third_Party/FreeRTOS/Source/timers.o
LOAD ./Middlewares/Third_Party/FreeRTOS/Source/portable/GCC/ARM_CM3/port.o
LOAD ./Middlewares/Third_Party/FreeRTOS/Source/portable/MemMang/heap_4.o
START GROUP
LOAD C:/ST/STM32CubeIDE/STM32CubeIDE/plugins/com.st.stm32cube.ide.mcu.externaltools.gnu-tools-for-stm32.13.3.rel1.win32_1.0.100.202509120712/tools/bin/../lib/gcc/arm-none-eabi/13.3.1/../../../../arm-none-eabi/lib/thumb/v7-m/nofp\libc_nano.a
LOAD C:/ST/STM32CubeIDE/STM32CubeIDE/plugins/com.st.stm32cube.ide.mcu.externaltools.gnu-tools-for-stm32.13.3.rel1.win32_1.0.100.202509120712/tools/bin/../lib/gcc/arm-none-eabi/13.3.1/../../../../arm-none-eabi/lib/thumb/v7-m/nofp\libm.a
END GROUP
START GROUP
LOAD C:/ST/STM32CubeIDE/STM32CubeIDE/plugins/com.st.stm32cube.ide.mcu.externaltools.gnu-tools-for-stm32.13.3.rel1.win32_1.0.100.202509120712/tools/bin/../lib/gcc/arm-none-eabi/13.3.1/thumb/v7-m/nofp\libgcc.a
LOAD C:/ST/STM32CubeIDE/STM32CubeIDE/plugins/com.st.stm32cube.ide.mcu.externaltools.gnu-tools-for-stm32.13.3.rel1.win32_1.0.100.202509120712/tools/bin/../lib/gcc/arm-none-eabi/13.3.1/../../../../arm-none-eabi/lib/thumb/v7-m/nofp\libc_nano.a
END GROUP
START GROUP
LOAD C:/ST/STM32CubeIDE/STM32CubeIDE/plugins/com.st.stm32cube.ide.mcu.externaltools.gnu-tools-for-stm32.13.3.rel1.win32_1.0.100.202509120712/tools/bin/../lib/gcc/arm-none-eabi/13.3.1/thumb/v7-m/nofp\libgcc.a
LOAD C:/ST/STM32CubeIDE/STM32CubeIDE/plugins/com.st.stm32cube.ide.mcu.externaltools.gnu-tools-for-stm32.13.3.rel1.win32_1.0.100.202509120712/tools/bin/../lib/gcc/arm-none-eabi/13.3.1/../../../../arm-none-eabi/lib/thumb/v7-m/nofp\libc_nano.a
LOAD C:/ST/STM32CubeIDE/STM32CubeIDE/plugins/com.st.stm32cube.ide.mcu.externaltools.gnu-tools-for-stm32.13.3.rel1.win32_1.0.100.202509120712/tools/bin/../lib/gcc/arm-none-eabi/13.3.1/../../../../arm-none-eabi/lib/thumb/v7-m/nofp\libnosys.a
END GROUP
START GROUP
LOAD C:/ST/STM32CubeIDE/STM32CubeIDE/plugins/com.st.stm32cube.ide.mcu.externaltools.gnu-tools-for-stm32.13.3.rel1.win32_1.0.100.202509120712/tools/bin/../lib/gcc/arm-none-eabi/13.3.1/thumb/v7-m/nofp\libgcc.a
LOAD C:/ST/STM32CubeIDE/STM32CubeIDE/plugins/com.st.stm32cube.ide.mcu.externaltools.gnu-tools-for-stm32.13.3.rel1.win32_1.0.100.202509120712/tools/bin/../lib/gcc/arm-none-eabi/13.3.1/../../../../arm-none-eabi/lib/thumb/v7-m/nofp\libc_nano.a
LOAD C:/ST/STM32CubeIDE/STM32CubeIDE/plugins/com.st.stm32cube.ide.mcu.externaltools.gnu-tools-for-stm32.13.3.rel1.win32_1.0.100.202509120712/tools/bin/../lib/gcc/arm-none-eabi/13.3.1/../../../../arm-none-eabi/lib/thumb/v7-m/nofp\libnosys.a
END GROUP
LOAD C:/ST/STM32CubeIDE/STM32CubeIDE/plugins/com.st.stm32cube.ide.mcu.externaltools.gnu-tools-for-stm32.13.3.rel1.win32_1.0.100.202509120712/tools/bin/../lib/gcc/arm-none-eabi/13.3.1/thumb/v7-m/nofp/crtend.o
LOAD C:/ST/STM32CubeIDE/STM32CubeIDE/plugins/com.st.stm32cube.ide.mcu.externaltools.gnu-tools-for-stm32.13.3.rel1.win32_1.0.100.202509120712/tools/bin/../lib/gcc/arm-none-eabi/13.3.1/thumb/v7-m/nofp/crtn.o
                0x20005000                        _estack = (ORIGIN (RAM) + LENGTH (RAM))
                0x00000200                        _Min_Heap_Size = 0x200
                0x00000400                        _Min_Stack_Size = 0x400

.isr_vector     0x08000000      0x10c
                0x08000000                        . = ALIGN (0x4)
 *(.isr_vector)
 .isr_vector    0x08000000      0x10c ./Core/Startup/startup_stm32f103c8tx.o
                0x08000000                g_pfnVectors
                0x0800010c                        . = ALIGN (0x4)

.text           0x08000110     0x3014
                0x08000110                        . = ALIGN (0x4)
 *(.text)
 .text          0x08000110       0x40 C:/ST/STM32CubeIDE/STM32CubeIDE/plugins/com.st.stm32cube.ide.mcu.externaltools.gnu-tools-for-stm32.13.3.rel1.win32_1.0.100.202509120712/tools/bin/../lib/gcc/arm-none-eabi/13.3.1/thumb/v7-m/nofp/crtbegin.o
 *(.text*)
 .text.StartDefaultTask
                0x08000150       0x50 ./Core/Src/main.o
                0x08000150                StartDefaultTask
 .text.StartTask02
                0x080001a0       0x98 ./Core/Src/main.o
                0x080001a0                StartTask02
 .text.SystemClock_Config
                0x08000238       0x60 ./Core/Src/main.o
                0x08000238                SystemClock_Config
 .text.startup.main
                0x08000298       0xf0 ./Core/Src/main.o
                0x08000298                main
 .text.HAL_TIM_PeriodElapsedCallback
                0x08000388       0x14 ./Core/Src/main.o
                0x08000388                HAL_TIM_PeriodElapsedCallback
 .text.MAX30003_Delay
                0x0800039c       0x1e ./Core/Src/max30003w.o
 .text.MAX30003_WriteReg
                0x080003ba       0x4a ./Core/Src/max30003w.o
                0x080003ba                MAX30003_WriteReg
 .text.MAX30003_ReadReg
                0x08000404       0x6a ./Core/Src/max30003w.o
                0x08000404                MAX30003_ReadReg
 .text.MAX30003_Reset
                0x0800046e       0x22 ./Core/Src/max30003w.o
                0x0800046e                MAX30003_Reset
 .text.MAX30003_Sync
                0x08000490       0x16 ./Core/Src/max30003w.o
                0x08000490                MAX30003_Sync
 *fill*         0x080004a6        0x2 
 .text.MAX30003_Init
                0x080004a8       0xc4 ./Core/Src/max30003w.o
                0x080004a8                MAX30003_Init
 .text.MAX30003_ReadECGSample
                0x0800056c       0x6a ./Core/Src/max30003w.o
                0x0800056c                MAX30003_ReadECGSample
 *fill*         0x080005d6        0x2 
 .text.HAL_MspInit
                0x080005d8       0x50 ./Core/Src/stm32f1xx_hal_msp.o
                0x080005d8                HAL_MspInit
 .text.HAL_SPI_MspInit
                0x08000628       0xc0 ./Core/Src/stm32f1xx_hal_msp.o
                0x08000628                HAL_SPI_MspInit
 .text.HAL_InitTick
                0x080006e8       0x9c ./Core/Src/stm32f1xx_hal_timebase_tim.o
                0x080006e8                HAL_InitTick
 .text.NMI_Handler
                0x08000784        0x2 ./Core/Src/stm32f1xx_it.o
                0x08000784                NMI_Handler
 .text.HardFault_Handler
                0x08000786        0x2 ./Core/Src/stm32f1xx_it.o
                0x08000786                HardFault_Handler
 .text.MemManage_Handler
                0x08000788        0x2 ./Core/Src/stm32f1xx_it.o
                0x08000788                MemManage_Handler
 .text.BusFault_Handler
                0x0800078a        0x2 ./Core/Src/stm32f1xx_it.o
                0x0800078a                BusFault_Handler
 .text.UsageFault_Handler
                0x0800078c        0x2 ./Core/Src/stm32f1xx_it.o
                0x0800078c                UsageFault_Handler
 .text.DebugMon_Handler
                0x0800078e        0x2 ./Core/Src/stm32f1xx_it.o
                0x0800078e                DebugMon_Handler
 .text.TIM3_IRQHandler
                0x08000790        0xc ./Core/Src/stm32f1xx_it.o
                0x08000790                TIM3_IRQHandler
 .text.SystemInit
                0x0800079c        0x2 ./Core/Src/system_stm32f1xx.o
                0x0800079c                SystemInit
 *fill*         0x0800079e        0x2 
 .text.Reset_Handler
                0x080007a0       0x48 ./Core/Startup/startup_stm32f103c8tx.o
                0x080007a0                Reset_Handler
 .text.Default_Handler
                0x080007e8        0x2 ./Core/Startup/startup_stm32f103c8tx.o
                0x080007e8                RTC_Alarm_IRQHandler
                0x080007e8                EXTI2_IRQHandler
                0x080007e8                TIM1_CC_IRQHandler
                0x080007e8                PVD_IRQHandler
                0x080007e8                EXTI3_IRQHandler
                0x080007e8                EXTI0_IRQHandler
                0x080007e8                I2C2_EV_IRQHandler
                0x080007e8                ADC1_2_IRQHandler
                0x080007e8                SPI1_IRQHandler
                0x080007e8                TAMPER_IRQHandler
                0x080007e8                DMA1_Channel4_IRQHandler
                0x080007e8                USART3_IRQHandler
                0x080007e8                RTC_IRQHandler
                0x080007e8                DMA1_Channel7_IRQHandler
                0x080007e8                CAN1_RX1_IRQHandler
                0x080007e8                TIM4_IRQHandler
                0x080007e8                I2C1_EV_IRQHandler
                0x080007e8                DMA1_Channel6_IRQHandler
                0x080007e8                RCC_IRQHandler
                0x080007e8                TIM1_TRG_COM_IRQHandler
                0x080007e8                DMA1_Channel1_IRQHandler
                0x080007e8                Default_Handler
                0x080007e8                EXTI15_10_IRQHandler
                0x080007e8                EXTI9_5_IRQHandler
                0x080007e8                SPI2_IRQHandler
                0x080007e8                DMA1_Channel5_IRQHandler
                0x080007e8                EXTI4_IRQHandler
                0x080007e8                USB_LP_CAN1_RX0_IRQHandler
                0x080007e8                USB_HP_CAN1_TX_IRQHandler
                0x080007e8                DMA1_Channel3_IRQHandler
                0x080007e8                TIM1_UP_IRQHandler
                0x080007e8                WWDG_IRQHandler
                0x080007e8                TIM2_IRQHandler
                0x080007e8                TIM1_BRK_IRQHandler
                0x080007e8                EXTI1_IRQHandler
                0x080007e8                USART2_IRQHandler
                0x080007e8                I2C2_ER_IRQHandler
                0x080007e8                DMA1_Channel2_IRQHandler
                0x080007e8                CAN1_SCE_IRQHandler
                0x080007e8                FLASH_IRQHandler
                0x080007e8                USART1_IRQHandler
                0x080007e8                I2C1_ER_IRQHandler
                0x080007e8                USBWakeUp_IRQHandler
 *fill*         0x080007ea        0x2 
 .text.HAL_Init
                0x080007ec       0x24 ./Drivers/STM32F1xx_HAL_Driver/Src/stm32f1xx_hal.o
                0x080007ec                HAL_Init
 .text.HAL_IncTick
                0x08000810       0x18 ./Drivers/STM32F1xx_HAL_Driver/Src/stm32f1xx_hal.o
                0x08000810                HAL_IncTick
 .text.HAL_GetTick
                0x08000828        0xc ./Drivers/STM32F1xx_HAL_Driver/Src/stm32f1xx_hal.o
                0x08000828                HAL_GetTick
 .text.HAL_Delay
                0x08000834       0x24 ./Drivers/STM32F1xx_HAL_Driver/Src/stm32f1xx_hal.o
                0x08000834                HAL_Delay
 .text.HAL_NVIC_SetPriorityGrouping
                0x08000858       0x24 ./Drivers/STM32F1xx_HAL_Driver/Src/stm32f1xx_hal_cortex.o
                0x08000858                HAL_NVIC_SetPriorityGrouping
 .text.HAL_NVIC_SetPriority
                0x0800087c       0x60 ./Drivers/STM32F1xx_HAL_Driver/Src/stm32f1xx_hal_cortex.o
                0x0800087c                HAL_NVIC_SetPriority
 .text.HAL_NVIC_EnableIRQ
                0x080008dc       0x1c ./Drivers/STM32F1xx_HAL_Driver/Src/stm32f1xx_hal_cortex.o
                0x080008dc                HAL_NVIC_EnableIRQ
 .text.HAL_GPIO_Init
                0x080008f8      0x1a8 ./Drivers/STM32F1xx_HAL_Driver/Src/stm32f1xx_hal_gpio.o
                0x080008f8                HAL_GPIO_Init
 .text.HAL_GPIO_WritePin
                0x08000aa0        0xa ./Drivers/STM32F1xx_HAL_Driver/Src/stm32f1xx_hal_gpio.o
                0x08000aa0                HAL_GPIO_WritePin
 *fill*         0x08000aaa        0x2 
 .text.HAL_RCC_OscConfig
                0x08000aac      0x338 ./Drivers/STM32F1xx_HAL_Driver/Src/stm32f1xx_hal_rcc.o
                0x08000aac                HAL_RCC_OscConfig
 .text.HAL_RCC_GetSysClockFreq
                0x08000de4       0x4c ./Drivers/STM32F1xx_HAL_Driver/Src/stm32f1xx_hal_rcc.o
                0x08000de4                HAL_RCC_GetSysClockFreq
 .text.HAL_RCC_ClockConfig
                0x08000e30      0x138 ./Drivers/STM32F1xx_HAL_Driver/Src/stm32f1xx_hal_rcc.o
                0x08000e30                HAL_RCC_ClockConfig
 .text.HAL_RCC_GetPCLK1Freq
                0x08000f68       0x20 ./Drivers/STM32F1xx_HAL_Driver/Src/stm32f1xx_hal_rcc.o
                0x08000f68                HAL_RCC_GetPCLK1Freq
 .text.HAL_RCC_GetClockConfig
                0x08000f88       0x3c ./Drivers/STM32F1xx_HAL_Driver/Src/stm32f1xx_hal_rcc.o
                0x08000f88                HAL_RCC_GetClockConfig
 .text.SPI_WaitFlagStateUntilTimeout
                0x08000fc4       0xb8 ./Drivers/STM32F1xx_HAL_Driver/Src/stm32f1xx_hal_spi.o
 .text.SPI_EndRxTxTransaction
                0x0800107c       0x38 ./Drivers/STM32F1xx_HAL_Driver/Src/stm32f1xx_hal_spi.o
 .text.HAL_SPI_Init
                0x080010b4       0xb0 ./Drivers/STM32F1xx_HAL_Driver/Src/stm32f1xx_hal_spi.o
                0x080010b4                HAL_SPI_Init
 .text.HAL_SPI_Transmit
                0x08001164      0x160 ./Drivers/STM32F1xx_HAL_Driver/Src/stm32f1xx_hal_spi.o
                0x08001164                HAL_SPI_Transmit
 .text.HAL_SPI_TransmitReceive
                0x080012c4      0x1f8 ./Drivers/STM32F1xx_HAL_Driver/Src/stm32f1xx_hal_spi.o
                0x080012c4                HAL_SPI_TransmitReceive
 .text.HAL_TIM_Base_MspInit
                0x080014bc        0x2 ./Drivers/STM32F1xx_HAL_Driver/Src/stm32f1xx_hal_tim.o
                0x080014bc                HAL_TIM_Base_MspInit
 *fill*         0x080014be        0x2 
 .text.HAL_TIM_Base_Start_IT
                0x080014c0       0x54 ./Drivers/STM32F1xx_HAL_Driver/Src/stm32f1xx_hal_tim.o
                0x080014c0                HAL_TIM_Base_Start_IT
 .text.HAL_TIM_OC_DelayElapsedCallback
                0x08001514        0x2 ./Drivers/STM32F1xx_HAL_Driver/Src/stm32f1xx_hal_tim.o
                0x08001514                HAL_TIM_OC_DelayElapsedCallback
 .text.HAL_TIM_IC_CaptureCallback
                0x08001516        0x2 ./Drivers/STM32F1xx_HAL_Driver/Src/stm32f1xx_hal_tim.o
                0x08001516                HAL_TIM_IC_CaptureCallback
 .text.HAL_TIM_PWM_PulseFinishedCallback
                0x08001518        0x2 ./Drivers/STM32F1xx_HAL_Driver/Src/stm32f1xx_hal_tim.o
                0x08001518                HAL_TIM_PWM_PulseFinishedCallback
 .text.HAL_TIM_TriggerCallback
                0x0800151a        0x2 ./Drivers/STM32F1xx_HAL_Driver/Src/stm32f1xx_hal_tim.o
                0x0800151a                HAL_TIM_TriggerCallback
 .text.HAL_TIM_IRQHandler
                0x0800151c      0x128 ./Drivers/STM32F1xx_HAL_Driver/Src/stm32f1xx_hal_tim.o
                0x0800151c                HAL_TIM_IRQHandler
 .text.TIM_Base_SetConfig
                0x08001644       0x64 ./Drivers/STM32F1xx_HAL_Driver/Src/stm32f1xx_hal_tim.o
                0x08001644                TIM_Base_SetConfig
 .text.HAL_TIM_Base_Init
                0x080016a8       0x58 ./Drivers/STM32F1xx_HAL_Driver/Src/stm32f1xx_hal_tim.o
                0x080016a8                HAL_TIM_Base_Init
 .text.HAL_TIMEx_CommutCallback
                0x08001700        0x2 ./Drivers/STM32F1xx_HAL_Driver/Src/stm32f1xx_hal_tim_ex.o
                0x08001700                HAL_TIMEx_CommutCallback
 .text.HAL_TIMEx_BreakCallback
                0x08001702        0x2 ./Drivers/STM32F1xx_HAL_Driver/Src/stm32f1xx_hal_tim_ex.o
                0x08001702                HAL_TIMEx_BreakCallback
 .text.SysTick_Handler
                0x08001704       0x1a ./Middlewares/Third_Party/FreeRTOS/Source/CMSIS_RTOS_V2/cmsis_os2.o
                0x08001704                SysTick_Handler
 *fill*         0x0800171e        0x2 
 .text.osKernelInitialize
                0x08001720       0x24 ./Middlewares/Third_Party/FreeRTOS/Source/CMSIS_RTOS_V2/cmsis_os2.o
                0x08001720                osKernelInitialize
 .text.osKernelGetState
                0x08001744       0x20 ./Middlewares/Third_Party/FreeRTOS/Source/CMSIS_RTOS_V2/cmsis_os2.o
                0x08001744                osKernelGetState
 .text.osKernelStart
                0x08001764       0x34 ./Middlewares/Third_Party/FreeRTOS/Source/CMSIS_RTOS_V2/cmsis_os2.o
                0x08001764                osKernelStart
 .text.osThreadNew
                0x08001798       0x88 ./Middlewares/Third_Party/FreeRTOS/Source/CMSIS_RTOS_V2/cmsis_os2.o
                0x08001798                osThreadNew
 .text.osDelay  0x08001820       0x18 ./Middlewares/Third_Party/FreeRTOS/Source/CMSIS_RTOS_V2/cmsis_os2.o
                0x08001820                osDelay
 .text.vApplicationGetIdleTaskMemory
                0x08001838       0x18 ./Middlewares/Third_Party/FreeRTOS/Source/CMSIS_RTOS_V2/cmsis_os2.o
                0x08001838                vApplicationGetIdleTaskMemory
 .text.vApplicationGetTimerTaskMemory
                0x08001850       0x18 ./Middlewares/Third_Party/FreeRTOS/Source/CMSIS_RTOS_V2/cmsis_os2.o
                0x08001850                vApplicationGetTimerTaskMemory
 .text.vListInitialise
                0x08001868       0x16 ./Middlewares/Third_Party/FreeRTOS/Source/list.o
                0x08001868                vListInitialise
 .text.vListInitialiseItem
                0x0800187e        0x6 ./Middlewares/Third_Party/FreeRTOS/Source/list.o
                0x0800187e                vListInitialiseItem
 .text.vListInsertEnd
                0x08001884       0x16 ./Middlewares/Third_Party/FreeRTOS/Source/list.o
                0x08001884                vListInsertEnd
 .text.vListInsert
                0x0800189a       0x2e ./Middlewares/Third_Party/FreeRTOS/Source/list.o
                0x0800189a                vListInsert
 .text.uxListRemove
                0x080018c8       0x20 ./Middlewares/Third_Party/FreeRTOS/Source/list.o
                0x080018c8                uxListRemove
 .text.prvIsQueueEmpty
                0x080018e8       0x16 ./Middlewares/Third_Party/FreeRTOS/Source/queue.o
 .text.prvCopyDataToQueue
                0x080018fe       0x66 ./Middlewares/Third_Party/FreeRTOS/Source/queue.o
 .text.prvCopyDataFromQueue
                0x08001964       0x28 ./Middlewares/Third_Party/FreeRTOS/Source/queue.o
 .text.prvUnlockQueue
                0x0800198c       0x6c ./Middlewares/Third_Party/FreeRTOS/Source/queue.o
 .text.xQueueGenericReset
                0x080019f8       0x7e ./Middlewares/Third_Party/FreeRTOS/Source/queue.o
                0x080019f8                xQueueGenericReset
 .text.xQueueGenericCreateStatic
                0x08001a76       0x9c ./Middlewares/Third_Party/FreeRTOS/Source/queue.o
                0x08001a76                xQueueGenericCreateStatic
 .text.xQueueGenericSend
                0x08001b12      0x164 ./Middlewares/Third_Party/FreeRTOS/Source/queue.o
                0x08001b12                xQueueGenericSend
 .text.xQueueGenericSendFromISR
                0x08001c76       0xba ./Middlewares/Third_Party/FreeRTOS/Source/queue.o
                0x08001c76                xQueueGenericSendFromISR
 .text.xQueueReceive
                0x08001d30      0x13c ./Middlewares/Third_Party/FreeRTOS/Source/queue.o
                0x08001d30                xQueueReceive
 .text.vQueueAddToRegistry
                0x08001e6c       0x24 ./Middlewares/Third_Party/FreeRTOS/Source/queue.o
                0x08001e6c                vQueueAddToRegistry
 .text.vQueueWaitForMessageRestricted
                0x08001e90       0x46 ./Middlewares/Third_Party/FreeRTOS/Source/queue.o
                0x08001e90                vQueueWaitForMessageRestricted
 *fill*         0x08001ed6        0x2 
 .text.prvAddNewTaskToReadyList
                0x08001ed8      0x100 ./Middlewares/Third_Party/FreeRTOS/Source/tasks.o
 .text.prvAddCurrentTaskToDelayedList
                0x08001fd8       0x70 ./Middlewares/Third_Party/FreeRTOS/Source/tasks.o
 .text.prvResetNextTaskUnblockTime
                0x08002048       0x24 ./Middlewares/Third_Party/FreeRTOS/Source/tasks.o
 .text.prvDeleteTCB
                0x0800206c       0x36 ./Middlewares/Third_Party/FreeRTOS/Source/tasks.o
 *fill*         0x080020a2        0x2 
 .text.prvIdleTask
                0x080020a4       0x60 ./Middlewares/Third_Party/FreeRTOS/Source/tasks.o
 .text.prvInitialiseNewTask.constprop.0
                0x08002104       0x96 ./Middlewares/Third_Party/FreeRTOS/Source/tasks.o
 .text.xTaskCreateStatic
                0x0800219a       0x70 ./Middlewares/Third_Party/FreeRTOS/Source/tasks.o
                0x0800219a                xTaskCreateStatic
 .text.xTaskCreate
                0x0800220a       0x5c ./Middlewares/Third_Party/FreeRTOS/Source/tasks.o
                0x0800220a                xTaskCreate
 *fill*         0x08002266        0x2 
 .text.vTaskStartScheduler
                0x08002268       0x8c ./Middlewares/Third_Party/FreeRTOS/Source/tasks.o
                0x08002268                vTaskStartScheduler
 .text.vTaskSuspendAll
                0x080022f4       0x10 ./Middlewares/Third_Party/FreeRTOS/Source/tasks.o
                0x080022f4                vTaskSuspendAll
 .text.xTaskGetTickCount
                0x08002304        0xc ./Middlewares/Third_Party/FreeRTOS/Source/tasks.o
                0x08002304                xTaskGetTickCount
 .text.xTaskIncrementTick
                0x08002310      0x130 ./Middlewares/Third_Party/FreeRTOS/Source/tasks.o
                0x08002310                xTaskIncrementTick
 .text.xTaskResumeAll
                0x08002440       0xe8 ./Middlewares/Third_Party/FreeRTOS/Source/tasks.o
                0x08002440                xTaskResumeAll
 .text.vTaskDelay
                0x08002528       0x48 ./Middlewares/Third_Party/FreeRTOS/Source/tasks.o
                0x08002528                vTaskDelay
 .text.vTaskSwitchContext
                0x08002570       0x78 ./Middlewares/Third_Party/FreeRTOS/Source/tasks.o
                0x08002570                vTaskSwitchContext
 .text.vTaskPlaceOnEventList
                0x080025e8       0x34 ./Middlewares/Third_Party/FreeRTOS/Source/tasks.o
                0x080025e8                vTaskPlaceOnEventList
 .text.vTaskPlaceOnEventListRestricted
                0x0800261c       0x40 ./Middlewares/Third_Party/FreeRTOS/Source/tasks.o
                0x0800261c                vTaskPlaceOnEventListRestricted
 .text.xTaskRemoveFromEventList
                0x0800265c       0x80 ./Middlewares/Third_Party/FreeRTOS/Source/tasks.o
                0x0800265c                xTaskRemoveFromEventList
 .text.vTaskInternalSetTimeOutState
                0x080026dc       0x18 ./Middlewares/Third_Party/FreeRTOS/Source/tasks.o
                0x080026dc                vTaskInternalSetTimeOutState
 .text.xTaskCheckForTimeOut
                0x080026f4       0x78 ./Middlewares/Third_Party/FreeRTOS/Source/tasks.o
                0x080026f4                xTaskCheckForTimeOut
 .text.vTaskMissedYield
                0x0800276c        0xc ./Middlewares/Third_Party/FreeRTOS/Source/tasks.o
                0x0800276c                vTaskMissedYield
 .text.xTaskGetSchedulerState
                0x08002778       0x20 ./Middlewares/Third_Party/FreeRTOS/Source/tasks.o
                0x08002778                xTaskGetSchedulerState
 .text.xTaskPriorityDisinherit
                0x08002798       0x84 ./Middlewares/Third_Party/FreeRTOS/Source/tasks.o
                0x08002798                xTaskPriorityDisinherit
 .text.prvInsertTimerInActiveList
                0x0800281c       0x3c ./Middlewares/Third_Party/FreeRTOS/Source/timers.o
 .text.prvCheckForValidListAndQueue
                0x08002858       0x68 ./Middlewares/Third_Party/FreeRTOS/Source/timers.o
 .text.xTimerCreateTimerTask
                0x080028c0       0x64 ./Middlewares/Third_Party/FreeRTOS/Source/timers.o
                0x080028c0                xTimerCreateTimerTask
 .text.xTimerGenericCommand
                0x08002924       0x58 ./Middlewares/Third_Party/FreeRTOS/Source/timers.o
                0x08002924                xTimerGenericCommand
 .text.prvSampleTimeNow
                0x0800297c       0xa4 ./Middlewares/Third_Party/FreeRTOS/Source/timers.o
 .text.prvTimerTask
                0x08002a20      0x1cc ./Middlewares/Third_Party/FreeRTOS/Source/timers.o
 .text.prvPortStartFirstTask
                0x08002bec       0x20 ./Middlewares/Third_Party/FreeRTOS/Source/portable/GCC/ARM_CM3/port.o
 .text.prvTaskExitError
                0x08002c0c       0x40 ./Middlewares/Third_Party/FreeRTOS/Source/portable/GCC/ARM_CM3/port.o
 .text.pxPortInitialiseStack
                0x08002c4c       0x24 ./Middlewares/Third_Party/FreeRTOS/Source/portable/GCC/ARM_CM3/port.o
                0x08002c4c                pxPortInitialiseStack
 .text.SVC_Handler
                0x08002c70       0x24 ./Middlewares/Third_Party/FreeRTOS/Source/portable/GCC/ARM_CM3/port.o
                0x08002c70                SVC_Handler
 .text.vPortEnterCritical
                0x08002c94       0x40 ./Middlewares/Third_Party/FreeRTOS/Source/portable/GCC/ARM_CM3/port.o
                0x08002c94                vPortEnterCritical
 .text.vPortExitCritical
                0x08002cd4       0x28 ./Middlewares/Third_Party/FreeRTOS/Source/portable/GCC/ARM_CM3/port.o
                0x08002cd4                vPortExitCritical
 *fill*         0x08002cfc        0x4 
 .text.PendSV_Handler
                0x08002d00       0x44 ./Middlewares/Third_Party/FreeRTOS/Source/portable/GCC/ARM_CM3/port.o
                0x08002d00                PendSV_Handler
 .text.xPortSysTickHandler
                0x08002d44       0x2c ./Middlewares/Third_Party/FreeRTOS/Source/portable/GCC/ARM_CM3/port.o
                0x08002d44                xPortSysTickHandler
 .text.vPortSetupTimerInterrupt
                0x08002d70       0x24 ./Middlewares/Third_Party/FreeRTOS/Source/portable/GCC/ARM_CM3/port.o
                0x08002d70                vPortSetupTimerInterrupt
 .text.xPortStartScheduler
                0x08002d94       0xb0 ./Middlewares/Third_Party/FreeRTOS/Source/portable/GCC/ARM_CM3/port.o
                0x08002d94                xPortStartScheduler
 .text.vPortValidateInterruptPriority
                0x08002e44       0x5c ./Middlewares/Third_Party/FreeRTOS/Source/portable/GCC/ARM_CM3/port.o
                0x08002e44                vPortValidateInterruptPriority
 .text.prvInsertBlockIntoFreeList
                0x08002ea0       0x4c ./Middlewares/Third_Party/FreeRTOS/Source/portable/MemMang/heap_4.o
 .text.pvPortMalloc
                0x08002eec      0x130 ./Middlewares/Third_Party/FreeRTOS/Source/portable/MemMang/heap_4.o
                0x08002eec                pvPortMalloc
 .text.vPortFree
                0x0800301c       0x7c ./Middlewares/Third_Party/FreeRTOS/Source/portable/MemMang/heap_4.o
                0x0800301c                vPortFree
 .text.memset   0x08003098       0x10 C:/ST/STM32CubeIDE/STM32CubeIDE/plugins/com.st.stm32cube.ide.mcu.externaltools.gnu-tools-for-stm32.13.3.rel1.win32_1.0.100.202509120712/tools/bin/../lib/gcc/arm-none-eabi/13.3.1/../../../../arm-none-eabi/lib/thumb/v7-m/nofp\libc_nano.a(libc_a-memset.o)
                0x08003098                memset
 .text.__libc_init_array
                0x080030a8       0x48 C:/ST/STM32CubeIDE/STM32CubeIDE/plugins/com.st.stm32cube.ide.mcu.externaltools.gnu-tools-for-stm32.13.3.rel1.win32_1.0.100.202509120712/tools/bin/../lib/gcc/arm-none-eabi/13.3.1/../../../../arm-none-eabi/lib/thumb/v7-m/nofp\libc_nano.a(libc_a-init.o)
                0x080030a8                __libc_init_array
 .text.memcpy   0x080030f0       0x1c C:/ST/STM32CubeIDE/STM32CubeIDE/plugins/com.st.stm32cube.ide.mcu.externaltools.gnu-tools-for-stm32.13.3.rel1.win32_1.0.100.202509120712/tools/bin/../lib/gcc/arm-none-eabi/13.3.1/../../../../arm-none-eabi/lib/thumb/v7-m/nofp\libc_nano.a(libc_a-memcpy-stub.o)
                0x080030f0                memcpy
 *(.glue_7)
 .glue_7        0x0800310c        0x0 linker stubs
 *(.glue_7t)
 .glue_7t       0x0800310c        0x0 linker stubs
 *(.eh_frame)
 .eh_frame      0x0800310c        0x0 C:/ST/STM32CubeIDE/STM32CubeIDE/plugins/com.st.stm32cube.ide.mcu.externaltools.gnu-tools-for-stm32.13.3.rel1.win32_1.0.100.202509120712/tools/bin/../lib/gcc/arm-none-eabi/13.3.1/thumb/v7-m/nofp/crtbegin.o
 *(.init)
 .init          0x0800310c        0x4 C:/ST/STM32CubeIDE/STM32CubeIDE/plugins/com.st.stm32cube.ide.mcu.externaltools.gnu-tools-for-stm32.13.3.rel1.win32_1.0.100.202509120712/tools/bin/../lib/gcc/arm-none-eabi/13.3.1/thumb/v7-m/nofp/crti.o
                0x0800310c                _init
 .init          0x08003110        0x8 C:/ST/STM32CubeIDE/STM32CubeIDE/plugins/com.st.stm32cube.ide.mcu.externaltools.gnu-tools-for-stm32.13.3.rel1.win32_1.0.100.202509120712/tools/bin/../lib/gcc/arm-none-eabi/13.3.1/thumb/v7-m/nofp/crtn.o
 *(.fini)
 .fini          0x08003118        0x4 C:/ST/STM32CubeIDE/STM32CubeIDE/plugins/com.st.stm32cube.ide.mcu.externaltools.gnu-tools-for-stm32.13.3.rel1.win32_1.0.100.202509120712/tools/bin/../lib/gcc/arm-none-eabi/13.3.1/thumb/v7-m/nofp/crti.o
                0x08003118                _fini
 .fini          0x0800311c        0x8 C:/ST/STM32CubeIDE/STM32CubeIDE/plugins/com.st.stm32cube.ide.mcu.externaltools.gnu-tools-for-stm32.13.3.rel1.win32_1.0.100.202509120712/tools/bin/../lib/gcc/arm-none-eabi/13.3.1/thumb/v7-m/nofp/crtn.o
                0x08003124                        . = ALIGN (0x4)
                0x08003124                        _etext = .

.vfp11_veneer   0x08003124        0x0
 .vfp11_veneer  0x08003124        0x0 linker stubs

.v4_bx          0x08003124        0x0
 .v4_bx         0x08003124        0x0 linker stubs

.iplt           0x08003124        0x0
 .iplt          0x08003124        0x0 C:/ST/STM32CubeIDE/STM32CubeIDE/plugins/com.st.stm32cube.ide.mcu.externaltools.gnu-tools-for-stm32.13.3.rel1.win32_1.0.100.202509120712/tools/bin/../lib/gcc/arm-none-eabi/13.3.1/thumb/v7-m/nofp/crtbegin.o

.rodata         0x08003124       0xb0
                0x08003124                        . = ALIGN (0x4)
 *(.rodata)
 *(.rodata*)
 .rodata.str1.1
                0x08003124       0x3c ./Core/Src/main.o
                                 0x2a (size before relaxing)
 .rodata.read_sensor_task_attributes
                0x08003160       0x24 ./Core/Src/main.o
                0x08003160                read_sensor_task_attributes
 .rodata.transmit_data2slave_task_attributes
                0x08003184       0x24 ./Core/Src/main.o
                0x08003184                transmit_data2slave_task_attributes
 .rodata.APBPrescTable
                0x080031a8        0x8 ./Core/Src/system_stm32f1xx.o
                0x080031a8                APBPrescTable
 .rodata.AHBPrescTable
                0x080031b0       0x10 ./Core/Src/system_stm32f1xx.o
                0x080031b0                AHBPrescTable
 .rodata.aPredivFactorTable.0
                0x080031c0        0x2 ./Drivers/STM32F1xx_HAL_Driver/Src/stm32f1xx_hal_rcc.o
 .rodata.aPLLMULFactorTable.1
                0x080031c2       0x10 ./Drivers/STM32F1xx_HAL_Driver/Src/stm32f1xx_hal_rcc.o
 .rodata.vTaskStartScheduler.str1.1
                0x080031d2        0x0 ./Middlewares/Third_Party/FreeRTOS/Source/tasks.o
                                  0x5 (size before relaxing)
 .rodata.prvCheckForValidListAndQueue.str1.1
                0x080031d2        0x0 ./Middlewares/Third_Party/FreeRTOS/Source/timers.o
                                  0x5 (size before relaxing)
 .rodata.xTimerCreateTimerTask.str1.1
                0x080031d2        0x0 ./Middlewares/Third_Party/FreeRTOS/Source/timers.o
                                  0x8 (size before relaxing)
                0x080031d4                        . = ALIGN (0x4)
 *fill*         0x080031d2        0x2 

.ARM.extab      0x080031d4        0x0
                0x080031d4                        . = ALIGN (0x4)
 *(.ARM.extab* .gnu.linkonce.armextab.*)
                0x080031d4                        . = ALIGN (0x4)

.ARM            0x080031d4        0x0
                0x080031d4                        . = ALIGN (0x4)
                0x080031d4                        __exidx_start = .
 *(.ARM.exidx*)
                0x080031d4                        __exidx_end = .
                0x080031d4                        . = ALIGN (0x4)

.preinit_array  0x080031d4        0x0
                0x080031d4                        . = ALIGN (0x4)
                0x080031d4                        PROVIDE (__preinit_array_start = .)
 *(.preinit_array*)
                0x080031d4                        PROVIDE (__preinit_array_end = .)
                0x080031d4                        . = ALIGN (0x4)

.init_array     0x080031d4        0x4
                0x080031d4                        . = ALIGN (0x4)
                0x080031d4                        PROVIDE (__init_array_start = .)
 *(SORT_BY_NAME(.init_array.*))
 *(.init_array*)
 .init_array    0x080031d4        0x4 C:/ST/STM32CubeIDE/STM32CubeIDE/plugins/com.st.stm32cube.ide.mcu.externaltools.gnu-tools-for-stm32.13.3.rel1.win32_1.0.100.202509120712/tools/bin/../lib/gcc/arm-none-eabi/13.3.1/thumb/v7-m/nofp/crtbegin.o
                0x080031d8                        PROVIDE (__init_array_end = .)
                0x080031d8                        . = ALIGN (0x4)

.fini_array     0x080031d8        0x4
                0x080031d8                        . = ALIGN (0x4)
                [!provide]                        PROVIDE (__fini_array_start = .)
 *(SORT_BY_NAME(.fini_array.*))
 *(.fini_array*)
 .fini_array    0x080031d8        0x4 C:/ST/STM32CubeIDE/STM32CubeIDE/plugins/com.st.stm32cube.ide.mcu.externaltools.gnu-tools-for-stm32.13.3.rel1.win32_1.0.100.202509120712/tools/bin/../lib/gcc/arm-none-eabi/13.3.1/thumb/v7-m/nofp/crtbegin.o
                [!provide]                        PROVIDE (__fini_array_end = .)
                0x080031dc                        . = ALIGN (0x4)
                0x080031dc                        _sidata = LOADADDR (.data)

.rel.dyn        0x080031dc        0x0
 .rel.iplt      0x080031dc        0x0 C:/ST/STM32CubeIDE/STM32CubeIDE/plugins/com.st.stm32cube.ide.mcu.externaltools.gnu-tools-for-stm32.13.3.rel1.win32_1.0.100.202509120712/tools/bin/../lib/gcc/arm-none-eabi/13.3.1/thumb/v7-m/nofp/crtbegin.o

.data           0x20000000       0x14 load address 0x080031dc
                0x20000000                        . = ALIGN (0x4)
                0x20000000                        _sdata = .
 *(.data)
 *(.data*)
 .data.fill_buffer
                0x20000000        0x4 ./Core/Src/main.o
                0x20000000                fill_buffer
 .data.SystemCoreClock
                0x20000004        0x4 ./Core/Src/system_stm32f1xx.o
                0x20000004                SystemCoreClock
 .data.uwTickFreq
                0x20000008        0x1 ./Drivers/STM32F1xx_HAL_Driver/Src/stm32f1xx_hal.o
                0x20000008                uwTickFreq
 *fill*         0x20000009        0x3 
 .data.uwTickPrio
                0x2000000c        0x4 ./Drivers/STM32F1xx_HAL_Driver/Src/stm32f1xx_hal.o
                0x2000000c                uwTickPrio
 .data.uxCriticalNesting
                0x20000010        0x4 ./Middlewares/Third_Party/FreeRTOS/Source/portable/GCC/ARM_CM3/port.o
 *(.RamFunc)
 *(.RamFunc*)
                0x20000014                        . = ALIGN (0x4)
                0x20000014                        _edata = .

.igot.plt       0x20000014        0x0 load address 0x080031f0
 .igot.plt      0x20000014        0x0 C:/ST/STM32CubeIDE/STM32CubeIDE/plugins/com.st.stm32cube.ide.mcu.externaltools.gnu-tools-for-stm32.13.3.rel1.win32_1.0.100.202509120712/tools/bin/../lib/gcc/arm-none-eabi/13.3.1/thumb/v7-m/nofp/crtbegin.o
                0x20000014                        . = ALIGN (0x4)

.bss            0x20000014     0x25b4 load address 0x080031f0
                0x20000014                        _sbss = .
                0x20000014                        __bss_start__ = _sbss
 *(.bss)
 .bss           0x20000014       0x1c C:/ST/STM32CubeIDE/STM32CubeIDE/plugins/com.st.stm32cube.ide.mcu.externaltools.gnu-tools-for-stm32.13.3.rel1.win32_1.0.100.202509120712/tools/bin/../lib/gcc/arm-none-eabi/13.3.1/thumb/v7-m/nofp/crtbegin.o
 *(.bss*)
 .bss.buffer_ready
                0x20000030        0x1 ./Core/Src/main.o
                0x20000030                buffer_ready
 *fill*         0x20000031        0x1 
 .bss.fill_index
                0x20000032        0x2 ./Core/Src/main.o
                0x20000032                fill_index
 .bss.tx_buffer
                0x20000034        0x4 ./Core/Src/main.o
                0x20000034                tx_buffer
 .bss.data_buffer2
                0x20000038      0x5a0 ./Core/Src/main.o
                0x20000038                data_buffer2
 .bss.data_buffer1
                0x200005d8      0x5a0 ./Core/Src/main.o
                0x200005d8                data_buffer1
 .bss.read_sensor_task_Handle
                0x20000b78        0x4 ./Core/Src/main.o
                0x20000b78                read_sensor_task_Handle
 .bss.transmit_data2slave_task_Handle
                0x20000b7c        0x4 ./Core/Src/main.o
                0x20000b7c                transmit_data2slave_task_Handle
 .bss.hspi2     0x20000b80       0x58 ./Core/Src/main.o
                0x20000b80                hspi2
 .bss.hspi1     0x20000bd8       0x58 ./Core/Src/main.o
                0x20000bd8                hspi1
 .bss.htim3     0x20000c30       0x48 ./Core/Src/stm32f1xx_hal_timebase_tim.o
                0x20000c30                htim3
 .bss.uwTick    0x20000c78        0x4 ./Drivers/STM32F1xx_HAL_Driver/Src/stm32f1xx_hal.o
                0x20000c78                uwTick
 .bss.Timer_Stack.0
                0x20000c7c      0x400 ./Middlewares/Third_Party/FreeRTOS/Source/CMSIS_RTOS_V2/cmsis_os2.o
 .bss.Timer_TCB.1
                0x2000107c       0x5c ./Middlewares/Third_Party/FreeRTOS/Source/CMSIS_RTOS_V2/cmsis_os2.o
 .bss.Idle_Stack.2
                0x200010d8      0x200 ./Middlewares/Third_Party/FreeRTOS/Source/CMSIS_RTOS_V2/cmsis_os2.o
 .bss.Idle_TCB.3
                0x200012d8       0x5c ./Middlewares/Third_Party/FreeRTOS/Source/CMSIS_RTOS_V2/cmsis_os2.o
 .bss.KernelState
                0x20001334        0x4 ./Middlewares/Third_Party/FreeRTOS/Source/CMSIS_RTOS_V2/cmsis_os2.o
 .bss.xQueueRegistry
                0x20001338       0x40 ./Middlewares/Third_Party/FreeRTOS/Source/queue.o
                0x20001338                xQueueRegistry
 .bss.uxSchedulerSuspended
                0x20001378        0x4 ./Middlewares/Third_Party/FreeRTOS/Source/tasks.o
 .bss.xNextTaskUnblockTime
                0x2000137c        0x4 ./Middlewares/Third_Party/FreeRTOS/Source/tasks.o
 .bss.uxTaskNumber
                0x20001380        0x4 ./Middlewares/Third_Party/FreeRTOS/Source/tasks.o
 .bss.xNumOfOverflows
                0x20001384        0x4 ./Middlewares/Third_Party/FreeRTOS/Source/tasks.o
 .bss.xYieldPending
                0x20001388        0x4 ./Middlewares/Third_Party/FreeRTOS/Source/tasks.o
 .bss.xPendedTicks
                0x2000138c        0x4 ./Middlewares/Third_Party/FreeRTOS/Source/tasks.o
 .bss.xSchedulerRunning
                0x20001390        0x4 ./Middlewares/Third_Party/FreeRTOS/Source/tasks.o
 .bss.uxTopReadyPriority
                0x20001394        0x4 ./Middlewares/Third_Party/FreeRTOS/Source/tasks.o
 .bss.xTickCount
                0x20001398        0x4 ./Middlewares/Third_Party/FreeRTOS/Source/tasks.o
 .bss.uxCurrentNumberOfTasks
                0x2000139c        0x4 ./Middlewares/Third_Party/FreeRTOS/Source/tasks.o
 .bss.xSuspendedTaskList
                0x200013a0       0x14 ./Middlewares/Third_Party/FreeRTOS/Source/tasks.o
 .bss.uxDeletedTasksWaitingCleanUp
                0x200013b4        0x4 ./Middlewares/Third_Party/FreeRTOS/Source/tasks.o
 .bss.xTasksWaitingTermination
                0x200013b8       0x14 ./Middlewares/Third_Party/FreeRTOS/Source/tasks.o
 .bss.xPendingReadyList
                0x200013cc       0x14 ./Middlewares/Third_Party/FreeRTOS/Source/tasks.o
 .bss.pxOverflowDelayedTaskList
                0x200013e0        0x4 ./Middlewares/Third_Party/FreeRTOS/Source/tasks.o
 .bss.pxDelayedTaskList
                0x200013e4        0x4 ./Middlewares/Third_Party/FreeRTOS/Source/tasks.o
 .bss.xDelayedTaskList2
                0x200013e8       0x14 ./Middlewares/Third_Party/FreeRTOS/Source/tasks.o
 .bss.xDelayedTaskList1
                0x200013fc       0x14 ./Middlewares/Third_Party/FreeRTOS/Source/tasks.o
 .bss.pxReadyTasksLists
                0x20001410      0x460 ./Middlewares/Third_Party/FreeRTOS/Source/tasks.o
 .bss.pxCurrentTCB
                0x20001870        0x4 ./Middlewares/Third_Party/FreeRTOS/Source/tasks.o
                0x20001870                pxCurrentTCB
 .bss.xStaticTimerQueue.0
                0x20001874       0x50 ./Middlewares/Third_Party/FreeRTOS/Source/timers.o
 .bss.ucStaticTimerQueueStorage.1
                0x200018c4       0xa0 ./Middlewares/Third_Party/FreeRTOS/Source/timers.o
 .bss.xLastTime.2
                0x20001964        0x4 ./Middlewares/Third_Party/FreeRTOS/Source/timers.o
 .bss.xTimerTaskHandle
                0x20001968        0x4 ./Middlewares/Third_Party/FreeRTOS/Source/timers.o
 .bss.xTimerQueue
                0x2000196c        0x4 ./Middlewares/Third_Party/FreeRTOS/Source/timers.o
 .bss.pxOverflowTimerList
                0x20001970        0x4 ./Middlewares/Third_Party/FreeRTOS/Source/timers.o
 .bss.pxCurrentTimerList
                0x20001974        0x4 ./Middlewares/Third_Party/FreeRTOS/Source/timers.o
 .bss.xActiveTimerList2
                0x20001978       0x14 ./Middlewares/Third_Party/FreeRTOS/Source/timers.o
 .bss.xActiveTimerList1
                0x2000198c       0x14 ./Middlewares/Third_Party/FreeRTOS/Source/timers.o
 .bss.ulMaxPRIGROUPValue
                0x200019a0        0x4 ./Middlewares/Third_Party/FreeRTOS/Source/portable/GCC/ARM_CM3/port.o
 .bss.ucMaxSysCallPriority
                0x200019a4        0x1 ./Middlewares/Third_Party/FreeRTOS/Source/portable/GCC/ARM_CM3/port.o
 *fill*         0x200019a5        0x3 
 .bss.xBlockAllocatedBit
                0x200019a8        0x4 ./Middlewares/Third_Party/FreeRTOS/Source/portable/MemMang/heap_4.o
 .bss.xNumberOfSuccessfulFrees
                0x200019ac        0x4 ./Middlewares/Third_Party/FreeRTOS/Source/portable/MemMang/heap_4.o
 .bss.xNumberOfSuccessfulAllocations
                0x200019b0        0x4 ./Middlewares/Third_Party/FreeRTOS/Source/portable/MemMang/heap_4.o
 .bss.xMinimumEverFreeBytesRemaining
                0x200019b4        0x4 ./Middlewares/Third_Party/FreeRTOS/Source/portable/MemMang/heap_4.o
 .bss.xFreeBytesRemaining
                0x200019b8        0x4 ./Middlewares/Third_Party/FreeRTOS/Source/portable/MemMang/heap_4.o
 .bss.pxEnd     0x200019bc        0x4 ./Middlewares/Third_Party/FreeRTOS/Source/portable/MemMang/heap_4.o
 .bss.xStart    0x200019c0        0x8 ./Middlewares/Third_Party/FreeRTOS/Source/portable/MemMang/heap_4.o
 .bss.ucHeap    0x200019c8      0xc00 ./Middlewares/Third_Party/FreeRTOS/Source/portable/MemMang/heap_4.o
 *(COMMON)
                0x200025c8                        . = ALIGN (0x4)
                0x200025c8                        _ebss = .
                0x200025c8                        __bss_end__ = _ebss

._user_heap_stack
                0x200025c8      0x600 load address 0x080031f0
                0x200025c8                        . = ALIGN (0x8)
                [!provide]                        PROVIDE (end = .)
                0x200025c8                        PROVIDE (_end = .)
                0x200027c8                        . = (. + _Min_Heap_Size)
 *fill*         0x200025c8      0x200 
                0x20002bc8                        . = (. + _Min_Stack_Size)
 *fill*         0x200027c8      0x400 
                0x20002bc8                        . = ALIGN (0x8)

/DISCARD/
 libc.a(*)
 libm.a(*)
 libgcc.a(*)

.ARM.attributes
                0x00000000       0x29
 *(.ARM.attributes)
 .ARM.attributes
                0x00000000       0x1d C:/ST/STM32CubeIDE/STM32CubeIDE/plugins/com.st.stm32cube.ide.mcu.externaltools.gnu-tools-for-stm32.13.3.rel1.win32_1.0.100.202509120712/tools/bin/../lib/gcc/arm-none-eabi/13.3.1/thumb/v7-m/nofp/crti.o
 .ARM.attributes
                0x0000001d       0x2d C:/ST/STM32CubeIDE/STM32CubeIDE/plugins/com.st.stm32cube.ide.mcu.externaltools.gnu-tools-for-stm32.13.3.rel1.win32_1.0.100.202509120712/tools/bin/../lib/gcc/arm-none-eabi/13.3.1/thumb/v7-m/nofp/crtbegin.o
 .ARM.attributes
                0x0000004a       0x2d ./Core/Src/main.o
 .ARM.attributes
                0x00000077       0x2d ./Core/Src/max30003w.o
 .ARM.attributes
                0x000000a4       0x2d ./Core/Src/stm32f1xx_hal_msp.o
 .ARM.attributes
                0x000000d1       0x2d ./Core/Src/stm32f1xx_hal_timebase_tim.o
 .ARM.attributes
                0x000000fe       0x2d ./Core/Src/stm32f1xx_it.o
 .ARM.attributes
                0x0000012b       0x2d ./Core/Src/system_stm32f1xx.o
 .ARM.attributes
                0x00000158       0x21 ./Core/Startup/startup_stm32f103c8tx.o
 .ARM.attributes
                0x00000179       0x2d ./Drivers/STM32F1xx_HAL_Driver/Src/stm32f1xx_hal.o
 .ARM.attributes
                0x000001a6       0x2d ./Drivers/STM32F1xx_HAL_Driver/Src/stm32f1xx_hal_cortex.o
 .ARM.attributes
                0x000001d3       0x2d ./Drivers/STM32F1xx_HAL_Driver/Src/stm32f1xx_hal_gpio.o
 .ARM.attributes
                0x00000200       0x2d ./Drivers/STM32F1xx_HAL_Driver/Src/stm32f1xx_hal_rcc.o
 .ARM.attributes
                0x0000022d       0x2d ./Drivers/STM32F1xx_HAL_Driver/Src/stm32f1xx_hal_spi.o
 .ARM.attributes
                0x0000025a       0x2d ./Drivers/STM32F1xx_HAL_Driver/Src/stm32f1xx_hal_tim.o
 .ARM.attributes
                0x00000287       0x2d ./Drivers/STM32F1xx_HAL_Driver/Src/stm32f1xx_hal_tim_ex.o
 .ARM.attributes
                0x000002b4       0x2d ./Middlewares/Third_Party/FreeRTOS/Source/CMSIS_RTOS_V2/cmsis_os2.o
 .ARM.attributes
                0x000002e1       0x2d ./Middlewares/Third_Party/FreeRTOS/Source/list.o
 .ARM.attributes
                0x0000030e       0x2d ./Middlewares/Third_Party/FreeRTOS/Source/queue.o
 .ARM.attributes
                0x0000033b       0x2d ./Middlewares/Third_Party/FreeRTOS/Source/tasks.o
 .ARM.attributes
                0x00000368       0x2d ./Middlewares/Third_Party/FreeRTOS/Source/timers.o
 .ARM.attributes
                0x00000395       0x2d ./Middlewares/Third_Party/FreeRTOS/Source/portable/GCC/ARM_CM3/port.o
 .ARM.attributes
                0x000003c2       0x2d ./Middlewares/Third_Party/FreeRTOS/Source/portable/MemMang/heap_4.o
 .ARM.attributes
                0x000003ef       0x2d C:/ST/STM32CubeIDE/STM32CubeIDE/plugins/com.st.stm32cube.ide.mcu.externaltools.gnu-tools-for-stm32.13.3.rel1.win32_1.0.100.202509120712/tools/bin/../lib/gcc/arm-none-eabi/13.3.1/../../../../arm-none-eabi/lib/thumb/v7-m/nofp\libc_nano.a(libc_a-memset.o)
 .ARM.attributes
                0x0000041c       0x2d C:/ST/STM32CubeIDE/STM32CubeIDE/plugins/com.st.stm32cube.ide.mcu.externaltools.gnu-tools-for-stm32.13.3.rel1.win32_1.0.100.202509120712/tools/bin/../lib/gcc/arm-none-eabi/13.3.1/../../../../arm-none-eabi/lib/thumb/v7-m/nofp\libc_nano.a(libc_a-init.o)
 .ARM.attributes
                0x00000449       0x2d C:/ST/STM32CubeIDE/STM32CubeIDE/plugins/com.st.stm32cube.ide.mcu.externaltools.gnu-tools-for-stm32.13.3.rel1.win32_1.0.100.202509120712/tools/bin/../lib/gcc/arm-none-eabi/13.3.1/../../../../arm-none-eabi/lib/thumb/v7-m/nofp\libc_nano.a(libc_a-memcpy-stub.o)
 .ARM.attributes
                0x00000476       0x1d C:/ST/STM32CubeIDE/STM32CubeIDE/plugins/com.st.stm32cube.ide.mcu.externaltools.gnu-tools-for-stm32.13.3.rel1.win32_1.0.100.202509120712/tools/bin/../lib/gcc/arm-none-eabi/13.3.1/thumb/v7-m/nofp/crtn.o
OUTPUT(STM32.elf elf32-littlearm)
LOAD linker stubs
LOAD C:/ST/STM32CubeIDE/STM32CubeIDE/plugins/com.st.stm32cube.ide.mcu.externaltools.gnu-tools-for-stm32.13.3.rel1.win32_1.0.100.202509120712/tools/bin/../lib/gcc/arm-none-eabi/13.3.1/../../../../arm-none-eabi/lib/thumb/v7-m/nofp\libc.a
LOAD C:/ST/STM32CubeIDE/STM32CubeIDE/plugins/com.st.stm32cube.ide.mcu.externaltools.gnu-tools-for-stm32.13.3.rel1.win32_1.0.100.202509120712/tools/bin/../lib/gcc/arm-none-eabi/13.3.1/../../../../arm-none-eabi/lib/thumb/v7-m/nofp\libm.a
LOAD C:/ST/STM32CubeIDE/STM32CubeIDE/plugins/com.st.stm32cube.ide.mcu.externaltools.gnu-tools-for-stm32.13.3.rel1.win32_1.0.100.202509120712/tools/bin/../lib/gcc/arm-none-eabi/13.3.1/thumb/v7-m/nofp\libgcc.a

.comment        0x00000000       0x43
 .comment       0x00000000       0x43 ./Core/Src/main.o
                                 0x44 (size before relaxing)
 .comment       0x00000043        0x0 ./Core/Src/max30003w.o
                                 0x44 (size before relaxing)
 .comment       0x00000043        0x0 ./Core/Src/stm32f1xx_hal_msp.o
                                 0x44 (size before relaxing)
 .comment       0x00000043        0x0 ./Core/Src/stm32f1xx_hal_timebase_tim.o
                                 0x44 (size before relaxing)
 .comment       0x00000043        0x0 ./Core/Src/stm32f1xx_it.o
                                 0x44 (size before relaxing)
 .comment       0x00000043        0x0 ./Core/Src/system_stm32f1xx.o
                                 0x44 (size before relaxing)
 .comment       0x00000043        0x0 ./Drivers/STM32F1xx_HAL_Driver/Src/stm32f1xx_hal.o
                                 0x44 (size before relaxing)
 .comment       0x00000043        0x0 ./Drivers/STM32F1xx_HAL_Driver/Src/stm32f1xx_hal_cortex.o
                                 0x44 (size before relaxing)
 .comment       0x00000043        0x0 ./Drivers/STM32F1xx_HAL_Driver/Src/stm32f1xx_hal_gpio.o
                                 0x44 (size before relaxing)
 .comment       0x00000043        0x0 ./Drivers/STM32F1xx_HAL_Driver/Src/stm32f1xx_hal_rcc.o
                                 0x44 (size before relaxing)
 .comment       0x00000043        0x0 ./Drivers/STM32F1xx_HAL_Driver/Src/stm32f1xx_hal_spi.o
                                 0x44 (size before relaxing)
 .comment       0x00000043        0x0 ./Drivers/STM32F1xx_HAL_Driver/Src/stm32f1xx_hal_tim.o
                                 0x44 (size before relaxing)
 .comment       0x00000043        0x0 ./Drivers/STM32F1xx_HAL_Driver/Src/stm32f1xx_hal_tim_ex.o
                                 0x44 (size before relaxing)
 .comment       0x00000043        0x0 ./Middlewares/Third_Party/FreeRTOS/Source/CMSIS_RTOS_V2/cmsis_os2.o
                                 0x44 (size before relaxing)
 .comment       0x00000043        0x0 ./Middlewares/Third_Party/FreeRTOS/Source/list.o
                                 0x44 (size before relaxing)
 .comment       0x00000043        0x0 ./Middlewares/Third_Party/FreeRTOS/Source/queue.o
                                 0x44 (size before relaxing)
 .comment       0x00000043        0x0 ./Middlewares/Third_Party/FreeRTOS/Source/tasks.o
                                 0x44 (size before relaxing)
 .comment       0x00000043        0x0 ./Middlewares/Third_Party/FreeRTOS/Source/timers.o
                                 0x44 (size before relaxing)
 .comment       0x00000043        0x0 ./Middlewares/Third_Party/FreeRTOS/Source/portable/GCC/ARM_CM3/port.o
                                 0x44 (size before relaxing)
 .comment       0x00000043        0x0 ./Middlewares/Third_Party/FreeRTOS/Source/portable/MemMang/heap_4.o
                                 0x44 (size before relaxing)

.debug_frame    0x00000000       0x74
 .debug_frame   0x00000000       0x20 C:/ST/STM32CubeIDE/STM32CubeIDE/plugins/com.st.stm32cube.ide.mcu.externaltools.gnu-tools-for-stm32.13.3.rel1.win32_1.0.100.202509120712/tools/bin/../lib/gcc/arm-none-eabi/13.3.1/../../../../arm-none-eabi/lib/thumb/v7-m/nofp\libc_nano.a(libc_a-memset.o)
 .debug_frame   0x00000020       0x2c C:/ST/STM32CubeIDE/STM32CubeIDE/plugins/com.st.stm32cube.ide.mcu.externaltools.gnu-tools-for-stm32.13.3.rel1.win32_1.0.100.202509120712/tools/bin/../lib/gcc/arm-none-eabi/13.3.1/../../../../arm-none-eabi/lib/thumb/v7-m/nofp\libc_nano.a(libc_a-init.o)
 .debug_frame   0x0000004c       0x28 C:/ST/STM32CubeIDE/STM32CubeIDE/plugins/com.st.stm32cube.ide.mcu.externaltools.gnu-tools-for-stm32.13.3.rel1.win32_1.0.100.202509120712/tools/bin/../lib/gcc/arm-none-eabi/13.3.1/../../../../arm-none-eabi/lib/thumb/v7-m/nofp\libc_nano.a(libc_a-memcpy-stub.o)
