../Core/Src/main.c:68:6:spi_transmit	16	static
../Core/Src/main.c:74:6:HAL_ADC_ConvCpltCallback	16	static
../Core/Src/main.c:87:5:main	16	static
../Core/Src/main.c:149:6:SystemClock_Config	88	static
../Core/Src/main.c:196:13:MX_ADC1_Init	24	static
../Core/Src/main.c:243:13:MX_SPI1_Init	8	static
../Core/Src/main.c:281:13:MX_TIM3_Init	32	static
../Core/Src/main.c:324:13:MX_DMA_Init	16	static
../Core/Src/main.c:342:13:MX_GPIO_Init	40	static
../Core/Src/main.c:377:6:Error_Handler	4	static,ignoring_inline_asm
