../Core/Src/main.c:81:1:__io_putchar	1
../Core/Src/main.c:86:6:clear_buffer	2
../Core/Src/main.c:91:6:HAL_ADC_ConvCpltCallback	2
../Core/Src/main.c:98:6:HAL_ADC_ConvHalfCpltCallback	2
../Core/Src/main.c:112:5:main	5
../Core/Src/main.c:225:6:SystemClock_Config	4
../Core/Src/main.c:271:13:MX_ADC1_Init	3
../Core/Src/main.c:318:13:MX_SPI1_Init	2
../Core/Src/main.c:356:13:MX_TIM3_Init	4
../Core/Src/main.c:401:13:MX_USART1_UART_Init	2
../Core/Src/main.c:434:13:MX_USART2_UART_Init	2
../Core/Src/main.c:465:13:MX_DMA_Init	1
../Core/Src/main.c:483:13:MX_GPIO_Init	1
../Core/Src/main.c:499:6:HAL_UART_RxCpltCallback	5
../Core/Src/main.c:525:6:Error_Handler	1
