../Core/Src/main.c:97:1:__io_putchar	16	static
../Core/Src/main.c:102:6:ensure_sleep	8	static
../Core/Src/main.c:110:6:ensure_wake	4	static
../Core/Src/main.c:139:5:main	8	static
../Core/Src/main.c:253:6:SystemClock_Config	88	static
../Core/Src/main.c:299:13:MX_ADC1_Init	24	static
../Core/Src/main.c:346:13:MX_SPI1_Init	8	static
../Core/Src/main.c:384:13:MX_TIM3_Init	32	static
../Core/Src/main.c:429:13:MX_USART1_UART_Init	8	static
../Core/Src/main.c:462:13:MX_USART2_UART_Init	8	static
../Core/Src/main.c:493:13:MX_DMA_Init	16	static
../Core/Src/main.c:517:13:MX_GPIO_Init	32	static
../Core/Src/main.c:544:6:HAL_UART_RxCpltCallback	16	static
../Core/Src/main.c:570:6:StartDefaultTask	1488	static
../Core/Src/main.c:612:6:Error_Handler	4	static,ignoring_inline_asm
