../Core/Src/main.c:81:1:__io_putchar	16	static
../Core/Src/main.c:86:6:clear_buffer	24	static
../Core/Src/main.c:91:6:HAL_ADC_ConvCpltCallback	16	static
../Core/Src/main.c:98:6:HAL_ADC_ConvHalfCpltCallback	16	static
../Core/Src/main.c:112:5:main	64	static
../Core/Src/main.c:225:6:SystemClock_Config	88	static
../Core/Src/main.c:271:13:MX_ADC1_Init	24	static
../Core/Src/main.c:318:13:MX_SPI1_Init	8	static
../Core/Src/main.c:356:13:MX_TIM3_Init	32	static
../Core/Src/main.c:401:13:MX_USART1_UART_Init	8	static
../Core/Src/main.c:434:13:MX_USART2_UART_Init	8	static
../Core/Src/main.c:465:13:MX_DMA_Init	16	static
../Core/Src/main.c:483:13:MX_GPIO_Init	16	static
../Core/Src/main.c:499:6:HAL_UART_RxCpltCallback	16	static
../Core/Src/main.c:525:6:Error_Handler	4	static,ignoring_inline_asm
