../MyLib/Src/JDY23.c:25:6:jdy23_init	24	static
../MyLib/Src/JDY23.c:53:14:jdy23_write	24	static
../MyLib/Src/JDY23.c:68:14:jdy23_read	32	static
../MyLib/Src/JDY23.c:99:14:JDY23_SetName	184	static
../MyLib/Src/JDY23.c:124:14:JDY23_GetName	160	static
../MyLib/Src/JDY23.c:143:14:jdy23_reset	152	static
../MyLib/Src/JDY23.c:157:14:jdy23_disconnect	152	static
../MyLib/Src/JDY23.c:171:14:jdy23_get_link_status	160	static
../MyLib/Src/JDY23.c:209:14:jdy23_set_baud_param	168	static
../MyLib/Src/JDY23.c:230:14:jdy23_get_mac	160	static
../MyLib/Src/JDY23.c:270:14:jdy23_set_start_mode	176	static
../MyLib/Src/JDY23.c:292:14:jdy23_set_adv_interval	168	static
../MyLib/Src/JDY23.c:314:14:jdy23_sleep	168	static
../MyLib/Src/JDY23.c:336:14:jdy23_wake_by_pwrc	16	static
../MyLib/Src/JDY23.c:362:14:jdy23_turn_off_led	152	static
../MyLib/Src/JDY23.c:379:21:jdy23_send_at_internal	96	static
../MyLib/Src/JDY23.c:410:13:jdy23_flush_rx	32	static
../MyLib/Src/JDY23.c:431:13:jdy23_response_has_ok	16	static
../MyLib/Src/JDY23.c:436:21:jdy23_copy_value_after_prefix	32	static
../MyLib/Src/JDY23.c:474:13:jdy23_trim_trailing	24	static
