../MyLib/Src/sd_spi.c:22:6:sd_spi_init	16	static
../MyLib/Src/sd_spi.c:75:6:sd_spi_rx_complete_callback	16	static
../MyLib/Src/sd_spi.c:85:6:sd_spi_tx_complete_callback	16	static
../MyLib/Src/sd_spi.c:95:6:sd_spi_error_callback	16	static
../MyLib/Src/sd_spi.c:106:6:sd_spi_select	8	static
../MyLib/Src/sd_spi.c:117:6:sd_spi_deselect	8	static
../MyLib/Src/sd_spi.c:126:9:sd_spi_xfer	24	static
../MyLib/Src/sd_spi.c:163:6:sd_spi_xfer_block	24	static
../MyLib/Src/sd_spi.c:200:16:sd_crc7	24	static
../MyLib/Src/sd_spi.c:219:12:sd_wait_ready	24	static
../MyLib/Src/sd_spi.c:237:9:sd_cmd_send	32	static
../MyLib/Src/sd_spi.c:278:9:sd_acmd_send	24	static
../MyLib/Src/sd_spi.c:296:5:sd_read_response_r1	4	static
../MyLib/Src/sd_spi.c:304:5:sd_read_response_r3	32	static
../MyLib/Src/sd_spi.c:321:5:sd_read_data_block	24	static
../MyLib/Src/sd_spi.c:358:5:sd_write_data_block	24	static
../MyLib/Src/sd_spi.c:401:5:sd_card_detect	40	static
../MyLib/Src/sd_spi.c:506:16:sd_card_get_type	4	static
../MyLib/Src/sd_spi.c:514:10:sd_card_get_capacity	4	static
../MyLib/Src/sd_spi.c:523:6:HAL_SPI_TxCpltCallback	16	static
../MyLib/Src/sd_spi.c:535:6:HAL_SPI_RxCpltCallback	16	static
../MyLib/Src/sd_spi.c:547:6:HAL_SPI_TxRxCpltCallback	16	static
../MyLib/Src/sd_spi.c:557:6:HAL_SPI_ErrorCallback	16	static
