../Core/Src/max30003w.c:3:13:MAX30003_Delay	8	static
../Core/Src/max30003w.c:12:6:MAX30003_WriteReg	24	static
../Core/Src/max30003w.c:33:6:MAX30003_ReadReg	40	static
../Core/Src/max30003w.c:65:6:MAX30003_Reset	16	static
../Core/Src/max30003w.c:77:6:MAX30003_Sync	16	static
../Core/Src/max30003w.c:88:6:MAX30003_Init	24	static
../Core/Src/max30003w.c:130:6:MAX30003_set_sampling_rate	40	static
../Core/Src/max30003w.c:167:6:MAX30003_read_ECGBust	48	dynamic
../Core/Src/max30003w.c:233:6:MAX30003_ReadECGSample	56	static
