../Core/Src/main.c:104:1:__io_putchar	16	static
../Core/Src/main.c:114:5:main	8	static
../Core/Src/main.c:200:6:SystemClock_Config	72	static
../Core/Src/main.c:240:13:MX_SPI1_Init	8	static
../Core/Src/main.c:278:13:MX_SPI2_Init	8	static
../Core/Src/main.c:316:13:MX_USART1_UART_Init	8	static
../Core/Src/main.c:349:13:MX_GPIO_Init	40	static
../Core/Src/main.c:377:6:HAL_GPIO_EXTI_Callback	16	static
../Core/Src/main.c:389:6:ecg_config	56	static
../Core/Src/main.c:530:6:store_sample_to_buff	16	static
../Core/Src/main.c:551:6:StartDefaultTask	16	static
../Core/Src/main.c:578:6:StartTask02	216	static
../Core/Src/main.c:766:6:HAL_TIM_PeriodElapsedCallback	16	static
../Core/Src/main.c:783:6:Error_Handler	4	static,ignoring_inline_asm
